2025-12-04 09:36:45,345 [INFO] Activator:176 - 


2025-12-04 09:36:45,346 [INFO] Activator:177 - !SESSION log4j initialized
2025-12-04 09:36:47,843 [INFO] LogOutputStream:77 - [STDOUT_REDIRECT] 
2025-12-04 09:36:56,817 [INFO] ApplicationProperties:184 - Using Application install path: C:\ST\STM32CubeIDE_1.19.0\STM32CubeIDE\plugins\com.st.stm32cube.common.mx_6.15.0.202507011659
2025-12-04 09:36:56,839 [INFO] DbMcusXml:78 - Set database path to: C:\ST\STM32CubeIDE_1.19.0\STM32CubeIDE\plugins\com.st.stm32cube.common.mx_6.15.0.202507011659\\db\/mcu/
2025-12-04 09:36:56,839 [INFO] ApiDb:274 - Set plugin database path to: C:\ST\STM32CubeIDE_1.19.0\STM32CubeIDE\plugins\com.st.stm32cube.common.mx_6.15.0.202507011659\\db\/plugins/boardmanager/
2025-12-04 09:36:56,839 [WARN] ApiDb:259 - Overriding images path with different value:  => C:\ST\STM32CubeIDE_1.19.0\STM32CubeIDE\plugins\com.st.stm32cube.common.mx_6.15.0.202507011659\\db\/plugins/mcufinder/images/
2025-12-04 09:36:56,847 [INFO] ApiDb:250 - Set database path to: C:\Users\KshitijVaze\.stmcufinder\plugins\mcufinder//mcu/
2025-12-04 09:36:56,848 [INFO] DbMcusAds:125 - Set database path to: C:\Users\KshitijVaze\.stmcufinder\plugins\mcufinder//mcu/
2025-12-04 09:36:56,852 [INFO] CrossReferenceDbSqlite:203 - Set database path to: C:\Users\KshitijVaze\.stmcufinder\plugins\mcufinder//mcu/cs/
2025-12-04 09:36:56,957 [INFO] RulesReader:64 - Compatibility file has been processed (317 Rules)
2025-12-04 09:36:57,009 [INFO] DbMcusXml:78 - Set database path to: C:\ST\STM32CubeIDE_1.19.0\STM32CubeIDE\plugins\com.st.stm32cube.common.mx_6.15.0.202507011659\\db\/mcu/
2025-12-04 09:36:57,009 [INFO] ApiDb:274 - Set plugin database path to: C:\ST\STM32CubeIDE_1.19.0\STM32CubeIDE\plugins\com.st.stm32cube.common.mx_6.15.0.202507011659\\db\/plugins/boardmanager/
2025-12-04 09:36:57,009 [INFO] ApiDb:261 - Set plugin images path to: C:\ST\STM32CubeIDE_1.19.0\STM32CubeIDE\plugins\com.st.stm32cube.common.mx_6.15.0.202507011659\\db\/plugins/mcufinder/images/
2025-12-04 09:36:57,010 [WARN] DbFile:41 - Overriding database path with different value: C:\Users\KshitijVaze\.stmcufinder\plugins\mcufinder/ => C:\Users\KshitijVaze\.stmcufinder\plugins\mcufinder
2025-12-04 09:36:57,010 [INFO] ApiDb:250 - Set database path to: C:\Users\KshitijVaze\.stmcufinder\plugins\mcufinder//mcu/
2025-12-04 09:36:57,010 [WARN] DbFile:41 - Overriding database path with different value: C:\Users\KshitijVaze\.stmcufinder\plugins\mcufinder/ => C:\Users\KshitijVaze\.stmcufinder\plugins\mcufinder
2025-12-04 09:36:57,010 [INFO] DbMcusAds:125 - Set database path to: C:\Users\KshitijVaze\.stmcufinder\plugins\mcufinder//mcu/
2025-12-04 09:36:57,010 [WARN] DbFile:41 - Overriding database path with different value: C:\Users\KshitijVaze\.stmcufinder\plugins\mcufinder/ => C:\Users\KshitijVaze\.stmcufinder\plugins\mcufinder
2025-12-04 09:36:57,010 [WARN] DbFile:41 - Overriding database path with different value: C:\Users\KshitijVaze\.stmcufinder\plugins\mcufinder/ => C:\Users\KshitijVaze\.stmcufinder\plugins\mcufinder
2025-12-04 09:36:57,010 [INFO] CrossReferenceDbSqlite:203 - Set database path to: C:\Users\KshitijVaze\.stmcufinder\plugins\mcufinder//mcu/cs/
2025-12-04 09:36:57,082 [INFO] MainPanel:274 - HeapMemory: 268435456
2025-12-04 09:36:57,178 [INFO] DbMcusXml:78 - Set database path to: C:\ST\STM32CubeIDE_1.19.0\STM32CubeIDE\plugins\com.st.stm32cube.common.mx_6.15.0.202507011659\\db\/mcu/
2025-12-04 09:36:57,178 [INFO] ApiDb:274 - Set plugin database path to: C:\ST\STM32CubeIDE_1.19.0\STM32CubeIDE\plugins\com.st.stm32cube.common.mx_6.15.0.202507011659\\db\/plugins/boardmanager/
2025-12-04 09:36:57,178 [INFO] ApiDb:261 - Set plugin images path to: C:\ST\STM32CubeIDE_1.19.0\STM32CubeIDE\plugins\com.st.stm32cube.common.mx_6.15.0.202507011659\\db\/plugins/mcufinder/images/
2025-12-04 09:36:57,179 [WARN] DbFile:41 - Overriding database path with different value: C:\Users\KshitijVaze\.stmcufinder\plugins\mcufinder/ => C:\Users\KshitijVaze\.stmcufinder\plugins\mcufinder
2025-12-04 09:36:57,179 [INFO] ApiDb:250 - Set database path to: C:\Users\KshitijVaze\.stmcufinder\plugins\mcufinder//mcu/
2025-12-04 09:36:57,179 [WARN] DbFile:41 - Overriding database path with different value: C:\Users\KshitijVaze\.stmcufinder\plugins\mcufinder/ => C:\Users\KshitijVaze\.stmcufinder\plugins\mcufinder
2025-12-04 09:36:57,179 [INFO] DbMcusAds:125 - Set database path to: C:\Users\KshitijVaze\.stmcufinder\plugins\mcufinder//mcu/
2025-12-04 09:36:57,179 [WARN] DbFile:41 - Overriding database path with different value: C:\Users\KshitijVaze\.stmcufinder\plugins\mcufinder/ => C:\Users\KshitijVaze\.stmcufinder\plugins\mcufinder
2025-12-04 09:36:57,179 [WARN] DbFile:41 - Overriding database path with different value: C:\Users\KshitijVaze\.stmcufinder\plugins\mcufinder/ => C:\Users\KshitijVaze\.stmcufinder\plugins\mcufinder
2025-12-04 09:36:57,179 [INFO] CrossReferenceDbSqlite:203 - Set database path to: C:\Users\KshitijVaze\.stmcufinder\plugins\mcufinder//mcu/cs/
2025-12-04 09:36:57,196 [INFO] ApplicationProperties:184 - Using Application install path: C:\ST\STM32CubeIDE_1.19.0\STM32CubeIDE\plugins\com.st.stm32cube.common.mx_6.15.0.202507011659
2025-12-04 09:36:57,197 [INFO] PluginManage:196 - Search for loadable plugins [exclusion list=, ]
2025-12-04 09:36:57,198 [INFO] PluginManage:310 - Check plugin analytics
2025-12-04 09:36:57,441 [INFO] AnalyticsPlugin:253 - Accepted Software Licenses: 
2025-12-04 09:36:57,442 [INFO] AnalyticsPlugin:255 - Accepted CMSIS Pack Licenses: STMicroelectronics.X-CUBE-DISPLAY.3.0.0,STMicroelectronics.X-CUBE-TOUCHGFX.4.25.0
2025-12-04 09:36:57,442 [INFO] AnalyticsPlugin:257 - Accepted Firmware Licenses: FW.H7.1.12.0
2025-12-04 09:36:57,443 [INFO] PluginManage:359 - Loaded plugin analytics (category:tool,tabindex:-1)
2025-12-04 09:36:57,444 [INFO] PluginManage:310 - Check plugin cadmodel
2025-12-04 09:36:57,450 [INFO] CADModel:105 - Init CAD model plugin
2025-12-04 09:36:57,450 [INFO] PluginManage:359 - Loaded plugin cadmodel (category:power,tabindex:5)
2025-12-04 09:36:57,450 [INFO] PluginManage:310 - Check plugin clock
2025-12-04 09:36:57,460 [INFO] PluginManage:359 - Loaded plugin clock (category:base,tabindex:2)
2025-12-04 09:36:57,460 [INFO] PluginManage:310 - Check plugin ddr
2025-12-04 09:36:57,462 [INFO] PluginManage:359 - Loaded plugin ddr (category:tool,tabindex:6)
2025-12-04 09:36:57,462 [INFO] PluginManage:310 - Check plugin filemanager
2025-12-04 09:36:57,594 [INFO] PluginManage:359 - Loaded plugin filemanager (category:base,tabindex:10)
2025-12-04 09:36:57,594 [INFO] PluginManage:310 - Check plugin ipmanager
2025-12-04 09:36:57,599 [INFO] PluginManage:359 - Loaded plugin ipmanager (category:base,tabindex:5)
2025-12-04 09:36:57,599 [INFO] PluginManage:310 - Check plugin lpbam
2025-12-04 09:36:57,609 [INFO] PluginManage:359 - Loaded plugin lpbam (category:base,tabindex:0)
2025-12-04 09:36:57,609 [INFO] PluginManage:310 - Check plugin memorymap
2025-12-04 09:36:57,626 [INFO] PluginManage:359 - Loaded plugin memorymap (category:base,tabindex:4)
2025-12-04 09:36:57,626 [INFO] PluginManage:310 - Check plugin pinoutandconfiguration
2025-12-04 09:36:57,634 [INFO] PluginManage:359 - Loaded plugin pinoutandconfiguration (category:base,tabindex:1)
2025-12-04 09:36:57,635 [INFO] PluginManage:310 - Check plugin pinoutconfig
2025-12-04 09:36:57,729 [WARN] SupportedApi:132 - Cannot load RTOS API schema: s4s-elt-must-match.1: The content of 'definitions' must match (annotation?, (simpleType | complexType)?, (unique | key | keyref)*)). A problem was found starting at: attribute.
2025-12-04 09:36:57,883 [INFO] PluginManage:359 - Loaded plugin pinoutconfig (category:base,tabindex:0)
2025-12-04 09:36:57,883 [INFO] PluginManage:310 - Check plugin power
2025-12-04 09:36:57,895 [INFO] PluginManage:359 - Loaded plugin power (category:power,tabindex:4)
2025-12-04 09:36:57,895 [INFO] PluginManage:310 - Check plugin projectmanager
2025-12-04 09:36:57,911 [INFO] PluginManage:359 - Loaded plugin projectmanager (category:projectmanager,tabindex:4)
2025-12-04 09:36:57,911 [INFO] PluginManage:310 - Check plugin rif
2025-12-04 09:36:57,922 [INFO] PluginManage:359 - Loaded plugin rif (category:base,tabindex:3)
2025-12-04 09:36:57,922 [INFO] PluginManage:310 - Check plugin thirdparty
2025-12-04 09:36:58,059 [INFO] PluginManage:359 - Loaded plugin thirdparty (category:base,tabindex:-1)
2025-12-04 09:36:58,059 [INFO] PluginManage:310 - Check plugin tools
2025-12-04 09:36:58,059 [WARN] IntegrityCheckThread:84 - waiting for thirdparty lock release [integrity check]
2025-12-04 09:36:58,059 [INFO] IntegrityCheckThread:86 - entering critical section [integrity check]
2025-12-04 09:36:58,059 [INFO] ThirdPartyUpdaterWithRetryManager:70 - Updater plugin not ready yet. [1/15]
2025-12-04 09:36:58,061 [INFO] PluginManage:359 - Loaded plugin tools (category:base,tabindex:7)
2025-12-04 09:36:58,062 [INFO] PluginManage:310 - Check plugin tutovideos
2025-12-04 09:36:58,254 [INFO] PluginManage:359 - Loaded plugin tutovideos (category:base,tabindex:-1)
2025-12-04 09:36:58,255 [INFO] PluginManage:310 - Check plugin updater
2025-12-04 09:36:58,275 [INFO] PluginManage:359 - Loaded plugin updater (category:base,tabindex:12)
2025-12-04 09:36:58,275 [INFO] PluginManage:310 - Check plugin userauth
2025-12-04 09:36:58,281 [INFO] UserAuth:118 - Init User Auth plugin
2025-12-04 09:36:58,282 [INFO] PluginManage:359 - Loaded plugin userauth (category:base,tabindex:14)
2025-12-04 09:36:58,283 [INFO] PluginManage:283 - PluginManage : Loaded plugins [18]
2025-12-04 09:36:58,479 [INFO] PinOutPanel:1589 - setPackage(No Configuration,No Configuration)
2025-12-04 09:36:58,557 [INFO] CADModel:165 - CPN selected for project level
2025-12-04 09:36:58,557 [INFO] CADModel:114 - Register for checkConnection events
2025-12-04 09:36:58,577 [INFO] IPUIPlugin:80 - create IPUIPlugin
2025-12-04 09:36:58,577 [INFO] PluginManager:220 - loadIPPluginJar : add adc
2025-12-04 09:36:58,580 [INFO] IPUIPlugin:80 - create IPUIPlugin
2025-12-04 09:36:58,580 [INFO] PluginManager:220 - loadIPPluginJar : add aes
2025-12-04 09:36:58,583 [INFO] IPUIPlugin:80 - create IPUIPlugin
2025-12-04 09:36:58,583 [INFO] PluginManager:220 - loadIPPluginJar : add can
2025-12-04 09:36:58,585 [INFO] IPUIPlugin:80 - create IPUIPlugin
2025-12-04 09:36:58,585 [INFO] PluginManager:220 - loadIPPluginJar : add comp
2025-12-04 09:36:58,588 [INFO] IPUIPlugin:80 - create IPUIPlugin
2025-12-04 09:36:58,588 [INFO] PluginManager:220 - loadIPPluginJar : add cryp
2025-12-04 09:36:58,591 [INFO] IPUIPlugin:80 - create IPUIPlugin
2025-12-04 09:36:58,591 [INFO] PluginManager:220 - loadIPPluginJar : add ddr_ctrl_phy
2025-12-04 09:36:58,594 [INFO] IPUIPlugin:80 - create IPUIPlugin
2025-12-04 09:36:58,594 [INFO] PluginManager:220 - loadIPPluginJar : add dfsdm
2025-12-04 09:36:58,600 [INFO] IPUIPlugin:80 - create IPUIPlugin
2025-12-04 09:36:58,601 [INFO] PluginManager:220 - loadIPPluginJar : add dma
2025-12-04 09:36:58,604 [INFO] IPUIPlugin:80 - create IPUIPlugin
2025-12-04 09:36:58,604 [INFO] PluginManager:220 - loadIPPluginJar : add dma3
2025-12-04 09:36:58,607 [INFO] IPUIPlugin:80 - create IPUIPlugin
2025-12-04 09:36:58,607 [INFO] PluginManager:220 - loadIPPluginJar : add extmemmanager
2025-12-04 09:36:58,609 [INFO] IPUIPlugin:80 - create IPUIPlugin
2025-12-04 09:36:58,609 [INFO] PluginManager:220 - loadIPPluginJar : add fatfs
2025-12-04 09:36:58,613 [INFO] IPUIPlugin:80 - create IPUIPlugin
2025-12-04 09:36:58,613 [INFO] PluginManager:220 - loadIPPluginJar : add fmc
2025-12-04 09:36:58,619 [INFO] IPUIPlugin:80 - create IPUIPlugin
2025-12-04 09:36:58,619 [INFO] PluginManager:220 - loadIPPluginJar : add freertos
2025-12-04 09:36:58,620 [INFO] IPUIPlugin:80 - create IPUIPlugin
2025-12-04 09:36:58,620 [INFO] PluginManager:220 - loadIPPluginJar : add genericplugin
2025-12-04 09:36:58,622 [INFO] IPUIPlugin:80 - create IPUIPlugin
2025-12-04 09:36:58,623 [INFO] PluginManager:220 - loadIPPluginJar : add gfxmmu
2025-12-04 09:36:58,627 [INFO] IPUIPlugin:80 - create IPUIPlugin
2025-12-04 09:36:58,627 [INFO] PluginManager:220 - loadIPPluginJar : add gic
2025-12-04 09:36:58,631 [INFO] IPUIPlugin:80 - create IPUIPlugin
2025-12-04 09:36:58,631 [INFO] PluginManager:220 - loadIPPluginJar : add gpio
2025-12-04 09:36:58,634 [INFO] IPUIPlugin:80 - create IPUIPlugin
2025-12-04 09:36:58,634 [INFO] PluginManager:220 - loadIPPluginJar : add gtzc
2025-12-04 09:36:58,637 [INFO] IPUIPlugin:80 - create IPUIPlugin
2025-12-04 09:36:58,637 [INFO] PluginManager:220 - loadIPPluginJar : add hash
2025-12-04 09:36:58,640 [INFO] IPUIPlugin:80 - create IPUIPlugin
2025-12-04 09:36:58,640 [INFO] PluginManager:220 - loadIPPluginJar : add i2c
2025-12-04 09:36:58,642 [INFO] IPUIPlugin:80 - create IPUIPlugin
2025-12-04 09:36:58,642 [INFO] PluginManager:220 - loadIPPluginJar : add i2s
2025-12-04 09:36:58,644 [INFO] IPUIPlugin:80 - create IPUIPlugin
2025-12-04 09:36:58,644 [INFO] PluginManager:220 - loadIPPluginJar : add i3c
2025-12-04 09:36:58,648 [INFO] IPUIPlugin:80 - create IPUIPlugin
2025-12-04 09:36:58,648 [INFO] PluginManager:220 - loadIPPluginJar : add ipddr
2025-12-04 09:36:58,654 [INFO] IPUIPlugin:80 - create IPUIPlugin
2025-12-04 09:36:58,654 [INFO] PluginManager:220 - loadIPPluginJar : add linkedlist
2025-12-04 09:36:58,657 [INFO] IPUIPlugin:80 - create IPUIPlugin
2025-12-04 09:36:58,657 [INFO] PluginManager:220 - loadIPPluginJar : add lorawan
2025-12-04 09:36:58,659 [INFO] IPUIPlugin:80 - create IPUIPlugin
2025-12-04 09:36:58,659 [INFO] PluginManager:220 - loadIPPluginJar : add ltdc
2025-12-04 09:36:58,664 [INFO] IPUIPlugin:80 - create IPUIPlugin
2025-12-04 09:36:58,664 [INFO] PluginManager:220 - loadIPPluginJar : add mdma
2025-12-04 09:36:58,668 [INFO] IPUIPlugin:80 - create IPUIPlugin
2025-12-04 09:36:58,668 [INFO] PluginManager:220 - loadIPPluginJar : add nvic
2025-12-04 09:36:58,671 [INFO] IPUIPlugin:80 - create IPUIPlugin
2025-12-04 09:36:58,671 [INFO] PluginManager:220 - loadIPPluginJar : add opamp
2025-12-04 09:36:58,674 [INFO] IPUIPlugin:80 - create IPUIPlugin
2025-12-04 09:36:58,674 [INFO] PluginManager:220 - loadIPPluginJar : add openamp
2025-12-04 09:36:58,676 [INFO] IPUIPlugin:80 - create IPUIPlugin
2025-12-04 09:36:58,677 [INFO] PluginManager:220 - loadIPPluginJar : add pdm2pcm
2025-12-04 09:36:58,681 [INFO] IPUIPlugin:80 - create IPUIPlugin
2025-12-04 09:36:58,683 [INFO] PluginManager:220 - loadIPPluginJar : add plateformsettings
2025-12-04 09:36:58,685 [INFO] IPUIPlugin:80 - create IPUIPlugin
2025-12-04 09:36:58,685 [INFO] PluginManager:220 - loadIPPluginJar : add quadspi
2025-12-04 09:36:58,686 [INFO] IPUIPlugin:80 - create IPUIPlugin
2025-12-04 09:36:58,687 [INFO] PluginManager:220 - loadIPPluginJar : add radio
2025-12-04 09:36:58,690 [INFO] IPUIPlugin:80 - create IPUIPlugin
2025-12-04 09:36:58,690 [INFO] PluginManager:220 - loadIPPluginJar : add resmgrutility
2025-12-04 09:36:58,692 [INFO] IPUIPlugin:80 - create IPUIPlugin
2025-12-04 09:36:58,692 [INFO] PluginManager:220 - loadIPPluginJar : add sai
2025-12-04 09:36:58,695 [INFO] IPUIPlugin:80 - create IPUIPlugin
2025-12-04 09:36:58,695 [INFO] PluginManager:220 - loadIPPluginJar : add spi
2025-12-04 09:36:58,700 [INFO] IPUIPlugin:80 - create IPUIPlugin
2025-12-04 09:36:58,701 [INFO] PluginManager:220 - loadIPPluginJar : add stm32_wpan
2025-12-04 09:36:58,703 [INFO] IPUIPlugin:80 - create IPUIPlugin
2025-12-04 09:36:58,703 [INFO] PluginManager:220 - loadIPPluginJar : add tim
2025-12-04 09:36:58,706 [INFO] IPUIPlugin:80 - create IPUIPlugin
2025-12-04 09:36:58,707 [INFO] PluginManager:220 - loadIPPluginJar : add touchsensing
2025-12-04 09:36:58,709 [INFO] IPUIPlugin:80 - create IPUIPlugin
2025-12-04 09:36:58,709 [INFO] PluginManager:220 - loadIPPluginJar : add tracer_emb
2025-12-04 09:36:58,712 [INFO] IPUIPlugin:80 - create IPUIPlugin
2025-12-04 09:36:58,712 [INFO] PluginManager:220 - loadIPPluginJar : add ts
2025-12-04 09:36:58,714 [INFO] IPUIPlugin:80 - create IPUIPlugin
2025-12-04 09:36:58,714 [INFO] PluginManager:220 - loadIPPluginJar : add tsc
2025-12-04 09:36:58,716 [INFO] IPUIPlugin:80 - create IPUIPlugin
2025-12-04 09:36:58,716 [INFO] PluginManager:220 - loadIPPluginJar : add ucpd
2025-12-04 09:36:58,718 [INFO] IPUIPlugin:80 - create IPUIPlugin
2025-12-04 09:36:58,718 [INFO] PluginManager:220 - loadIPPluginJar : add usart
2025-12-04 09:36:58,721 [INFO] IPUIPlugin:80 - create IPUIPlugin
2025-12-04 09:36:58,721 [INFO] PluginManager:220 - loadIPPluginJar : add usbx
2025-12-04 09:36:58,852 [FATAL] Updater:351 - Updater called before beeing initialized
2025-12-04 09:36:58,878 [INFO] RulesReader:64 - Compatibility file has been processed (317 Rules)
2025-12-04 09:36:58,887 [INFO] RulesReader:64 - Compatibility file has been processed (317 Rules)
2025-12-04 09:36:58,893 [INFO] CADModel:165 - CPN selected for project level
2025-12-04 09:36:58,893 [INFO] CADModel:114 - Register for checkConnection events
2025-12-04 09:36:58,893 [FATAL] Updater:351 - Updater called before beeing initialized
2025-12-04 09:36:58,893 [ERROR] CADModel:125 - Updater not yet initialized, retry later 
2025-12-04 09:36:58,990 [FATAL] Updater:351 - Updater called before beeing initialized
2025-12-04 09:36:58,991 [INFO] CADModel:165 - CPN selected for project level
2025-12-04 09:36:58,991 [INFO] CADModel:114 - Register for checkConnection events
2025-12-04 09:36:58,991 [FATAL] Updater:351 - Updater called before beeing initialized
2025-12-04 09:36:58,991 [ERROR] CADModel:125 - Updater not yet initialized, retry later 
2025-12-04 09:36:58,994 [FATAL] Updater:351 - Updater called before beeing initialized
2025-12-04 09:36:59,081 [FATAL] Updater:351 - Updater called before beeing initialized
2025-12-04 09:36:59,084 [INFO] DbMcusAds:53 - JSON generation date=Tue Nov 25 19:38:32 IST 2025 (1764079712287)
2025-12-04 09:36:59,085 [FATAL] Updater:351 - Updater called before beeing initialized
2025-12-04 09:36:59,114 [WARN] DetailPanel:346 - Failed to get advertising image, set to default
2025-12-04 09:36:59,177 [FATAL] Updater:351 - Updater called before beeing initialized
2025-12-04 09:36:59,178 [FATAL] Updater:351 - Updater called before beeing initialized
2025-12-04 09:36:59,178 [FATAL] Updater:351 - Updater called before beeing initialized
2025-12-04 09:36:59,178 [WARN] DetailPanel:346 - Failed to get advertising image, set to default
2025-12-04 09:36:59,179 [FATAL] Updater:351 - Updater called before beeing initialized
2025-12-04 09:36:59,211 [ERROR] Updater:1198 - MainUpdater not yet initialized. External WinMGr cannot be set.
2025-12-04 09:36:59,213 [INFO] Updater:1134 - Updater Version found : 6.15.0
2025-12-04 09:36:59,227 [INFO] ApplicationProperties:184 - Using Application install path: C:\ST\STM32CubeIDE_1.19.0\STM32CubeIDE\plugins\com.st.stm32cube.common.mx_6.15.0.202507011659
2025-12-04 09:37:01,061 [INFO] ThirdPartyUpdaterWithRetryManager:70 - Updater plugin not ready yet. [2/15]
2025-12-04 09:37:01,474 [INFO] MainUpdater:2872 - connection check result : 10
2025-12-04 09:37:01,474 [INFO] MainUpdater:289 - Updater Check For Update Now.
2025-12-04 09:37:01,474 [INFO] MicroXplorer:498 - Change Database Version : DB.6.0.150
2025-12-04 09:37:01,482 [INFO] McuFinderGlobals:63 - Set McuFinder mode to 2 (CubeIDE integrated)
2025-12-04 09:37:01,483 [INFO] UserAuth:487 - Internet connection configuration mode: 1
2025-12-04 09:37:01,506 [INFO] JxBrowserEngine:152 - Initiate JxBrowser Engine with user profile folder
2025-12-04 09:37:01,659 [INFO] CheckServerUpdateThread:120 - End of CheckServer Thread
2025-12-04 09:37:02,866 [INFO] WebApp:169 - Instantiating new browser for Auth
2025-12-04 09:37:03,823 [INFO] WebApp:463 - Apply proxy settings
2025-12-04 09:37:03,823 [INFO] WebApp:548 - Chromium requires no authentication
2025-12-04 09:37:03,861 [INFO] WebApp:491 - Direct internet connection detected
2025-12-04 09:37:03,930 [INFO] WebApp:900 - Register for checkConnection events
2025-12-04 09:37:03,931 [INFO] WebApp:463 - Apply proxy settings
2025-12-04 09:37:03,931 [INFO] WebApp:548 - Chromium requires no authentication
2025-12-04 09:37:03,932 [INFO] WebApp:491 - Direct internet connection detected
2025-12-04 09:37:04,209 [INFO] WebApp:225 - Starting web application
2025-12-04 09:37:04,209 [INFO] WebApp:593 - Web application path used C:\ST\STM32CubeIDE_1.19.0\STM32CubeIDE\plugins\com.st.stm32cube.common.mx_6.15.0.202507011659\db\plugins\mcufinder\reactClient1\index.html
2025-12-04 09:37:04,314 [INFO] UserAuth:487 - Internet connection configuration mode: 1
2025-12-04 09:37:04,336 [WARN] PackLoader:240 - Cannot read IP mode file for STMicroelectronics.FP-SNS-MOTENVWB1.1.4.0
2025-12-04 09:37:04,354 [WARN] PackLoader:240 - Cannot read IP mode file for STMicroelectronics.FP-ATR-ASTRA1.2.0.2
2025-12-04 09:37:04,363 [WARN] PackLoader:240 - Cannot read IP mode file for STMicroelectronics.X-CUBE-SMBUS.2.1.0
2025-12-04 09:37:04,369 [WARN] PackLoader:240 - Cannot read IP mode file for STMicroelectronics.X-CUBE-ST60.1.0.0
2025-12-04 09:37:04,409 [WARN] PackLoader:240 - Cannot read IP mode file for STMicroelectronics.X-CUBE-AZRTOS-F7.1.1.0
2025-12-04 09:37:04,422 [WARN] PackLoader:240 - Cannot read IP mode file for Cesanta.I-CUBE-Mongoose.7.19.0
2025-12-04 09:37:04,429 [WARN] PackLoader:240 - Cannot read IP mode file for STMicroelectronics.FP-SNS-MOTENV1.5.1.0
2025-12-04 09:37:04,441 [WARN] PackLoader:240 - Cannot read IP mode file for WES.I-CUBE-Cesium.1.4.0
2025-12-04 09:37:04,483 [WARN] PackLoader:240 - Cannot read IP mode file for Infineon.AIROC-Wi-Fi-Bluetooth-STM32.1.7.1
2025-12-04 09:37:04,534 [WARN] PackLoader:240 - Cannot read IP mode file for STMicroelectronics.X-CUBE-AZRTOS-H7.3.4.0
2025-12-04 09:37:04,551 [WARN] PackLoader:240 - Cannot read IP mode file for STMicroelectronics.X-CUBE-DISPLAY.3.0.0
2025-12-04 09:37:04,842 [INFO] WebApp:191 - Connection restablished
2025-12-04 09:37:04,906 [WARN] PackLoader:240 - Cannot read IP mode file for STMicroelectronics.X-CUBE-NFC10.1.0.0
2025-12-04 09:37:04,913 [WARN] PackLoader:240 - Cannot read IP mode file for STMicroelectronics.X-CUBE-ST60.1.1.0
2025-12-04 09:37:04,921 [WARN] PackLoader:240 - Cannot read IP mode file for emotas.I-CUBE-CANOPEN.1.3.0
2025-12-04 09:37:04,929 [WARN] PackLoader:240 - Cannot read IP mode file for STMicroelectronics.X-CUBE-GNSS1.7.1.0
2025-12-04 09:37:04,942 [WARN] PackLoader:240 - Cannot read IP mode file for STMicroelectronics.FP-SNS-STBOX1.2.1.0
2025-12-04 09:37:04,950 [WARN] PackLoader:240 - Cannot read IP mode file for STMicroelectronics.FP-SNS-SMARTAG2.1.2.0
2025-12-04 09:37:04,957 [WARN] PackLoader:240 - Cannot read IP mode file for STMicroelectronics.FP-SNS-FLIGHT1.5.1.0
2025-12-04 09:37:04,969 [INFO] LogOutputStream:77 - [STDOUT_REDIRECT] 1 : Invalid condition id : UX_CORESTACK_Condition cause : null
2025-12-04 09:37:04,970 [INFO] LogOutputStream:77 - [STDOUT_REDIRECT] 1 : Invalid condition id : UX_CORESTACK_Condition cause : null
2025-12-04 09:37:04,972 [INFO] LogOutputStream:77 - [STDOUT_REDIRECT] 1 : Invalid condition id : UX_CORESTACK_Condition cause : null
2025-12-04 09:37:04,972 [INFO] LogOutputStream:77 - [STDOUT_REDIRECT] 1 : Invalid condition id : UX_CORESTACK_Condition cause : null
2025-12-04 09:37:04,974 [INFO] LogOutputStream:77 - [STDOUT_REDIRECT] 1 : Invalid condition id : UX_CORESTACK_Condition cause : null
2025-12-04 09:37:04,978 [WARN] PackLoader:240 - Cannot read IP mode file for STMicroelectronics.X-CUBE-AZRTOS-WL.2.0.0
2025-12-04 09:37:04,993 [WARN] PackLoader:240 - Cannot read IP mode file for STMicroelectronics.FP-SNS-MOTENV1.5.0.0
2025-12-04 09:37:05,026 [WARN] PackLoader:240 - Cannot read IP mode file for STMicroelectronics.X-CUBE-AZRTOS-H7RS.1.2.0
2025-12-04 09:37:05,036 [WARN] PackLoader:240 - Cannot read IP mode file for STMicroelectronics.X-CUBE-BLE2.3.3.0
2025-12-04 09:37:05,060 [WARN] PackLoader:240 - Cannot read IP mode file for STMicroelectronics.X-CUBE-NFC9.1.0.0
2025-12-04 09:37:05,068 [WARN] PackLoader:240 - Cannot read IP mode file for wolfSSL.I-CUBE-wolfSSL.5.8.2
2025-12-04 09:37:05,077 [WARN] PackLoader:240 - Cannot read IP mode file for STMicroelectronics.X-CUBE-BLE1.7.1.0
2025-12-04 09:37:05,083 [WARN] PackLoader:240 - Cannot read IP mode file for wolfSSL.I-CUBE-wolfMQTT.1.19.2
2025-12-04 09:37:05,092 [WARN] PackLoader:240 - Cannot read IP mode file for STMicroelectronics.X-CUBE-FREERTOS.1.4.0
2025-12-04 09:37:05,099 [WARN] PackLoader:240 - Cannot read IP mode file for STMicroelectronics.X-CUBE-EEPRMA1.5.2.0
2025-12-04 09:37:05,109 [WARN] PackLoader:240 - Cannot read IP mode file for STMicroelectronics.X-CUBE-ST67W61.1.1.0
2025-12-04 09:37:05,193 [WARN] PackLoader:240 - Cannot read IP mode file for STMicroelectronics.X-CUBE-MEMS1.12.0.0
2025-12-04 09:37:05,353 [WARN] PackLoader:240 - Cannot read IP mode file for STMicroelectronics.X-CUBE-AZRTOS-G0.1.1.0
2025-12-04 09:37:05,362 [WARN] PackLoader:240 - Cannot read IP mode file for STMicroelectronics.X-CUBE-SAFEA1.1.2.2
2025-12-04 09:37:05,370 [WARN] PackLoader:240 - Cannot read IP mode file for STMicroelectronics.X-CUBE-NFC4.3.0.0
2025-12-04 09:37:05,380 [WARN] PackLoader:240 - Cannot read IP mode file for EmbeddedOffice.I-CUBE-FS-RTOS.1.0.1
2025-12-04 09:37:05,388 [WARN] PackLoader:240 - Cannot read IP mode file for STMicroelectronics.X-CUBE-WB05N.2.0.0
2025-12-04 09:37:05,394 [WARN] PackLoader:240 - Cannot read IP mode file for wolfSSL.I-CUBE-wolfTPM.3.8.0
2025-12-04 09:37:05,402 [WARN] PackLoader:240 - Cannot read IP mode file for STMicroelectronics.X-CUBE-TCPP.4.2.0
2025-12-04 09:37:05,410 [WARN] PackLoader:240 - Cannot read IP mode file for RealThread.X-CUBE-RT-Thread_Nano.4.1.1
2025-12-04 09:37:05,417 [WARN] PackLoader:240 - Cannot read IP mode file for STMicroelectronics.FP-ATR-SIGFOX1.3.2.0
2025-12-04 09:37:05,425 [WARN] PackLoader:240 - Cannot read IP mode file for ITTIA_DB.I-CUBE-ITTIADB.8.9.0
2025-12-04 09:37:05,431 [WARN] PackLoader:240 - Cannot read IP mode file for STMicroelectronics.X-CUBE-ST67W61.1.0.0
2025-12-04 09:37:05,438 [WARN] PackLoader:240 - Cannot read IP mode file for STMicroelectronics.X-CUBE-AI.10.2.0
2025-12-04 09:37:05,472 [WARN] PackLoader:240 - Cannot read IP mode file for SEGGER.I-CUBE-embOS.1.3.1
2025-12-04 09:37:05,527 [WARN] PackLoader:240 - Cannot read IP mode file for STMicroelectronics.X-CUBE-ALGOBUILD.1.4.0
2025-12-04 09:37:05,577 [WARN] PackLoader:240 - Cannot read IP mode file for STMicroelectronics.X-CUBE-MEMS1.11.3.0
2025-12-04 09:37:05,751 [WARN] PackLoader:240 - Cannot read IP mode file for STMicroelectronics.X-CUBE-PM33A1.1.0.0
2025-12-04 09:37:05,772 [WARN] PackLoader:240 - Cannot read IP mode file for STMicroelectronics.X-CUBE-AZRTOS-F4.1.1.0
2025-12-04 09:37:05,779 [WARN] PackLoader:240 - Cannot read IP mode file for STMicroelectronics.X-CUBE-ISPU.2.1.0
2025-12-04 09:37:05,795 [WARN] PackLoader:240 - Cannot read IP mode file for STMicroelectronics.X-CUBE-IPS.3.2.0
2025-12-04 09:37:05,816 [WARN] PackLoader:240 - Cannot read IP mode file for STMicroelectronics.X-CUBE-NFC12.1.0.0
2025-12-04 09:37:05,840 [WARN] PackLoader:240 - Cannot read IP mode file for STMicroelectronics.X-CUBE-AZRTOS-L5.2.0.0
2025-12-04 09:37:05,868 [WARN] PackLoader:240 - Cannot read IP mode file for STMicroelectronics.X-CUBE-NFC6.3.1.0
2025-12-04 09:37:05,889 [WARN] PackLoader:240 - Cannot read IP mode file for STMicroelectronics.X-CUBE-FREERTOS.1.3.1
2025-12-04 09:37:05,896 [WARN] PackLoader:240 - Cannot read IP mode file for STMicroelectronics.X-CUBE-TOUCHGFX.4.26.0
2025-12-04 09:37:05,903 [WARN] PackLoader:240 - Cannot read IP mode file for STMicroelectronics.FP-SNS-STAIOTCFT.1.0.0
2025-12-04 09:37:05,911 [WARN] PackLoader:240 - Cannot read IP mode file for STMicroelectronics.X-CUBE-DPower.1.3.0
2025-12-04 09:37:05,930 [WARN] ConditionMgr:438 - getConditionDescription Invalid condition id : LAN8742 Phy interface Condition cause : null
2025-12-04 09:37:05,931 [WARN] PackLoader:240 - Cannot read IP mode file for STMicroelectronics.X-CUBE-AZRTOS-L4.2.0.0
2025-12-04 09:37:05,932 [WARN] ConditionMgr:1044 - genDependencies : Invalid condition id : LAN8742 Phy interface Condition cause : null
2025-12-04 09:37:05,933 [WARN] ConditionMgr:1044 - genDependencies : Invalid condition id : LAN8742 Phy interface Condition cause : null
2025-12-04 09:37:05,933 [WARN] ConditionMgr:1044 - genDependencies : Invalid condition id : LAN8742 Phy interface Condition cause : null
2025-12-04 09:37:05,960 [WARN] PackLoader:240 - Cannot read IP mode file for STMicroelectronics.X-CUBE-SFXS2LP1.4.0.0
2025-12-04 09:37:05,976 [WARN] PackLoader:240 - Cannot read IP mode file for STMicroelectronics.X-CUBE-BLEMGR.4.1.0
2025-12-04 09:37:05,997 [WARN] ConditionMgr:438 - getConditionDescription Invalid condition id : UX DEVICE CLASS RTOS Condition cause : null
2025-12-04 09:37:05,998 [WARN] ConditionMgr:438 - getConditionDescription Invalid condition id : UX DEVICE CLASS RTOS Condition cause : null
2025-12-04 09:37:06,001 [WARN] PackLoader:240 - Cannot read IP mode file for STMicroelectronics.X-CUBE-AZRTOS-WB.2.0.0
2025-12-04 09:37:06,001 [WARN] ConditionMgr:1044 - genDependencies : Invalid condition id : UX DEVICE CLASS RTOS Condition cause : null
2025-12-04 09:37:06,002 [WARN] ConditionMgr:1044 - genDependencies : Invalid condition id : UX DEVICE CLASS RTOS Condition cause : null
2025-12-04 09:37:06,002 [WARN] ConditionMgr:1044 - genDependencies : Invalid condition id : UX DEVICE CLASS RTOS Condition cause : null
2025-12-04 09:37:06,003 [WARN] ConditionMgr:1044 - genDependencies : Invalid condition id : UX DEVICE CLASS RTOS Condition cause : null
2025-12-04 09:37:06,003 [WARN] ConditionMgr:1044 - genDependencies : Invalid condition id : UX DEVICE CLASS RTOS Condition cause : null
2025-12-04 09:37:06,011 [WARN] PackLoader:240 - Cannot read IP mode file for STMicroelectronics.X-CUBE-GNSS1.7.0.1
2025-12-04 09:37:06,018 [WARN] PackLoader:240 - Cannot read IP mode file for STMicroelectronics.X-CUBE-TOUCHGFX.4.25.0
2025-12-04 09:37:06,070 [WARN] ConditionMgr:438 - getConditionDescription Invalid condition id : Cortex-A Device cause : null
2025-12-04 09:37:06,078 [WARN] ConditionMgr:1044 - genDependencies : Invalid condition id : Cortex-A Device cause : null
2025-12-04 09:37:06,078 [WARN] ConditionMgr:1044 - genDependencies : Invalid condition id : Cortex-A Device cause : null
2025-12-04 09:37:06,078 [WARN] ConditionMgr:1044 - genDependencies : Invalid condition id : Cortex-A Device cause : null
2025-12-04 09:37:06,092 [WARN] PackLoader:240 - Cannot read IP mode file for STMicroelectronics.X-CUBE-SUBG2.5.0.0
2025-12-04 09:37:06,139 [WARN] PackLoader:240 - Cannot read IP mode file for STMicroelectronics.X-CUBE-AZRTOS-H7RS.1.1.0
2025-12-04 09:37:06,159 [WARN] PackLoader:240 - Cannot read IP mode file for STMicroelectronics.X-CUBE-AZRTOS-G4.2.0.0
2025-12-04 09:37:06,166 [WARN] PackLoader:240 - Cannot read IP mode file for wolfSSL.I-CUBE-wolfSSH.1.4.20
2025-12-04 09:37:06,171 [WARN] PackLoader:240 - Cannot read IP mode file for STMicroelectronics.X-CUBE-NFC7.2.0.0
2025-12-04 09:37:06,188 [WARN] PackLoader:240 - Cannot read IP mode file for STMicroelectronics.X-CUBE-IPS.3.1.0
2025-12-04 09:37:06,201 [WARN] PackLoader:240 - Cannot read IP mode file for STMicroelectronics.X-CUBE-ALS.1.0.2
2025-12-04 09:37:06,209 [WARN] PackLoader:240 - Cannot read IP mode file for STMicroelectronics.X-CUBE-STSE01.1.0.0
2025-12-04 09:37:06,224 [WARN] PackLoader:240 - Cannot read IP mode file for STMicroelectronics.X-CUBE-TOF1.3.4.3
2025-12-04 09:37:06,238 [INFO] ThirdParty:978 - Integrity check success = true
2025-12-04 09:37:06,238 [INFO] IntegrityCheckThread:100 - exiting critical section [integrity check]
2025-12-04 09:37:06,238 [INFO] IntegrityCheckThread:103 - End integrity checks thread
2025-12-04 09:37:38,531 [ERROR] LogOutputStream:75 - [STDERR_REDIRECT] 
