../Src/main.c:64:5:main	1
../Src/main.c:85:6:idle_task	1
../Src/main.c:91:6:task1_handler	1
../Src/main.c:103:6:task2_handler	1
../Src/main.c:115:6:task3_handler	1
../Src/main.c:127:6:task4_handler	1
../Src/main.c:142:6:init_systick_timer	1
../Src/main.c:166:29:init_scheduler_stack	1
../Src/main.c:177:6:init_tasks_stack	3
../Src/main.c:228:6:enable_processor_faults	1
../Src/main.c:238:10:get_psp_value	1
../Src/main.c:245:6:save_psp_value	1
../Src/main.c:251:6:update_next_task	5
../Src/main.c:271:29:switch_sp_to_psp	1
../Src/main.c:288:6:schedule	1
../Src/main.c:299:6:task_delay	2
../Src/main.c:316:29:PendSV_Handler	1
../Src/main.c:356:6:update_global_tick_count	1
../Src/main.c:361:6:unblock_tasks	4
../Src/main.c:378:7:SysTick_Handler	1
../Src/main.c:392:6:HardFault_Handler	1
../Src/main.c:399:6:MemManage_Handler	1
../Src/main.c:405:6:BusFault_Handler	1
