../Src/main.c:56:6:task1_handler	8	static
../Src/main.c:62:6:task2_handler	8	static
../Src/main.c:69:6:task3_handler	8	static
../Src/main.c:76:6:task4_handler	8	static
../Src/main.c:87:6:init_systick_timer	32	static
../Src/main.c:104:28:SysTick_Handler	0	static,ignoring_inline_asm
../Src/main.c:132:6:enable_processor_faults	16	static
../Src/main.c:140:10:get_psp_value	4	static
../Src/main.c:143:6:save_psp_value	16	static
../Src/main.c:146:6:update_next_task	4	static
../Src/main.c:150:6:switch_to_psp	4	static,ignoring_inline_asm
../Src/main.c:169:29:init_scheduler_stack	0	static,ignoring_inline_asm
../Src/main.c:176:6:init_task_stack	24	static
../Src/main.c:199:5:main	8	static
../Src/main.c:222:6:HardFault_Handler	8	static
../Src/main.c:228:6:MemManage_Handler	8	static
../Src/main.c:234:6:BusFault_Handler	8	static
