../Src/main.c:28:6:task1_handler	1
../Src/main.c:34:6:task2_handler	1
../Src/main.c:41:6:task3_handler	1
../Src/main.c:48:6:task4_handler	1
../Src/main.c:59:6:init_systick_timer	1
../Src/main.c:76:28:SysTick_Handler	1
../Src/main.c:104:6:enable_processor_faults	1
../Src/main.c:112:10:get_psp_value	1
../Src/main.c:115:6:save_psp_value	1
../Src/main.c:118:6:update_next_task	1
../Src/main.c:122:6:switch_to_psp	1
../Src/main.c:141:29:init_scheduler_stack	1
../Src/main.c:148:6:init_task_stack	3
../Src/main.c:171:5:main	1
../Src/main.c:194:6:HardFault_Handler	1
../Src/main.c:200:6:MemManage_Handler	1
../Src/main.c:206:6:BusFault_Handler	1
